[1/22] cl /c /Zc:__cplusplus /Zp8 /GR /W3 /EHs /nologo /MD /D_CRT_SECURE_NO_DEPRECATE /D_SCL_SECURE_NO_DEPRECATE /D_SECURE_SCL=0   /DMATLAB_MEX_FILE  /DMATLAB_MEX_FILE /O2 /Oy- /DNDEBUG /fp:strict /utf-8 /I "." /I "C:\Users\39340\Documents\GitHub\in-context-bldc\matlab_simulator\networks" /I ".\interface" /I "C:\Program Files\MATLAB\R2024b\extern\include" /I "." -DMODEL=net_predict2_mex /openmp /wd4101  net_predict2_data.c /Fobuild\win64\net_predict2_data.obj
net_predict2_data.c
[2/22] cl /c /Zc:__cplusplus /Zp8 /GR /W3 /EHs /nologo /MD /D_CRT_SECURE_NO_DEPRECATE /D_SCL_SECURE_NO_DEPRECATE /D_SECURE_SCL=0   /DMATLAB_MEX_FILE  /DMATLAB_MEX_FILE /O2 /Oy- /DNDEBUG /fp:strict /utf-8 /I "." /I "C:\Users\39340\Documents\GitHub\in-context-bldc\matlab_simulator\networks" /I ".\interface" /I "C:\Program Files\MATLAB\R2024b\extern\include" /I "." -DMODEL=net_predict2_mex /openmp /wd4101  rt_nonfinite.c /Fobuild\win64\rt_nonfinite.obj
rt_nonfinite.c
[3/22] cl /c /Zc:__cplusplus /Zp8 /GR /W3 /EHs /nologo /MD /D_CRT_SECURE_NO_DEPRECATE /D_SCL_SECURE_NO_DEPRECATE /D_SECURE_SCL=0   /DMATLAB_MEX_FILE  /DMATLAB_MEX_FILE /O2 /Oy- /DNDEBUG /fp:strict /utf-8 /I "." /I "C:\Users\39340\Documents\GitHub\in-context-bldc\matlab_simulator\networks" /I ".\interface" /I "C:\Program Files\MATLAB\R2024b\extern\include" /I "." -DMODEL=net_predict2_mex /openmp /wd4101  net_predict2_initialize.c /Fobuild\win64\net_predict2_initialize.obj
net_predict2_initialize.c
[4/22] cl /c /Zc:__cplusplus /Zp8 /GR /W3 /EHs /nologo /MD /D_CRT_SECURE_NO_DEPRECATE /D_SCL_SECURE_NO_DEPRECATE /D_SECURE_SCL=0   /DMATLAB_MEX_FILE  /DMATLAB_MEX_FILE /O2 /Oy- /DNDEBUG /fp:strict /utf-8 /I "." /I "C:\Users\39340\Documents\GitHub\in-context-bldc\matlab_simulator\networks" /I ".\interface" /I "C:\Program Files\MATLAB\R2024b\extern\include" /I "." -DMODEL=net_predict2_mex /openmp /wd4101  predict.c /Fobuild\win64\predict.obj
predict.c
[5/22] cl /c /Zc:__cplusplus /Zp8 /GR /W3 /EHs /nologo /MD /D_CRT_SECURE_NO_DEPRECATE /D_SCL_SECURE_NO_DEPRECATE /D_SECURE_SCL=0   /DMATLAB_MEX_FILE  /DMATLAB_MEX_FILE /O2 /Oy- /DNDEBUG /fp:strict /utf-8 /I "." /I "C:\Users\39340\Documents\GitHub\in-context-bldc\matlab_simulator\networks" /I ".\interface" /I "C:\Program Files\MATLAB\R2024b\extern\include" /I "." -DMODEL=net_predict2_mex /openmp /wd4101  "C:\Program Files\MATLAB\R2024b\extern\version\c_mexapi_version.c" /Fobuild\win64\c_mexapi_version.obj
c_mexapi_version.c
[6/22] cl /c /Zc:__cplusplus /Zp8 /GR /W3 /EHs /nologo /MD /D_CRT_SECURE_NO_DEPRECATE /D_SCL_SECURE_NO_DEPRECATE /D_SECURE_SCL=0   /DMATLAB_MEX_FILE  /DMATLAB_MEX_FILE /O2 /Oy- /DNDEBUG /fp:strict /utf-8 /I "." /I "C:\Users\39340\Documents\GitHub\in-context-bldc\matlab_simulator\networks" /I ".\interface" /I "C:\Program Files\MATLAB\R2024b\extern\include" /I "." -DMODEL=net_predict2_mex /openmp /wd4101  net_predict2_terminate.c /Fobuild\win64\net_predict2_terminate.obj
net_predict2_terminate.c
[7/22] cl /c /Zc:__cplusplus /Zp8 /GR /W3 /EHs /nologo /MD /D_CRT_SECURE_NO_DEPRECATE /D_SCL_SECURE_NO_DEPRECATE /D_SECURE_SCL=0   /DMATLAB_MEX_FILE  /DMATLAB_MEX_FILE /O2 /Oy- /DNDEBUG /fp:strict /utf-8 /I "." /I "C:\Users\39340\Documents\GitHub\in-context-bldc\matlab_simulator\networks" /I ".\interface" /I "C:\Program Files\MATLAB\R2024b\extern\include" /I "." -DMODEL=net_predict2_mex /openmp /wd4101  callPredict.c /Fobuild\win64\callPredict.obj
callPredict.c
[8/22] cl /c /Zc:__cplusplus /Zp8 /GR /W3 /EHs /nologo /MD /D_CRT_SECURE_NO_DEPRECATE /D_SCL_SECURE_NO_DEPRECATE /D_SECURE_SCL=0   /DMATLAB_MEX_FILE  /DMATLAB_MEX_FILE /O2 /Oy- /DNDEBUG /fp:strict /utf-8 /I "." /I "C:\Users\39340\Documents\GitHub\in-context-bldc\matlab_simulator\networks" /I ".\interface" /I "C:\Program Files\MATLAB\R2024b\extern\include" /I "." -DMODEL=net_predict2_mex /openmp /wd4101  elementwiseOperationInPlace.c /Fobuild\win64\elementwiseOperationInPlace.obj
elementwiseOperationInPlace.c
[9/22] cl /c /Zc:__cplusplus /Zp8 /GR /W3 /EHs /nologo /MD /D_CRT_SECURE_NO_DEPRECATE /D_SCL_SECURE_NO_DEPRECATE /D_SECURE_SCL=0   /DMATLAB_MEX_FILE  /DMATLAB_MEX_FILE /O2 /Oy- /DNDEBUG /fp:strict /utf-8 /I "." /I "C:\Users\39340\Documents\GitHub\in-context-bldc\matlab_simulator\networks" /I ".\interface" /I "C:\Program Files\MATLAB\R2024b\extern\include" /I "." -DMODEL=net_predict2_mex /openmp /wd4101  GELULayer.c /Fobuild\win64\GELULayer.obj
GELULayer.c
[10/22] cl /c /Zc:__cplusplus /Zp8 /GR /W3 /EHs /nologo /MD /D_CRT_SECURE_NO_DEPRECATE /D_SCL_SECURE_NO_DEPRECATE /D_SECURE_SCL=0   /DMATLAB_MEX_FILE  /DMATLAB_MEX_FILE /O2 /Oy- /DNDEBUG /fp:strict /utf-8 /I "." /I "C:\Users\39340\Documents\GitHub\in-context-bldc\matlab_simulator\networks" /I ".\interface" /I "C:\Program Files\MATLAB\R2024b\extern\include" /I "." -DMODEL=net_predict2_mex /openmp /wd4101  interface\_coder_net_predict2_mex.c /Fobuild\win64\_coder_net_predict2_mex.obj
_coder_net_predict2_mex.c
[11/22] cl /c /Zc:__cplusplus /Zp8 /GR /W3 /EHs /nologo /MD /D_CRT_SECURE_NO_DEPRECATE /D_SCL_SECURE_NO_DEPRECATE /D_SECURE_SCL=0   /DMATLAB_MEX_FILE  /DMATLAB_MEX_FILE /O2 /Oy- /DNDEBUG /fp:strict /utf-8 /I "." /I "C:\Users\39340\Documents\GitHub\in-context-bldc\matlab_simulator\networks" /I ".\interface" /I "C:\Program Files\MATLAB\R2024b\extern\include" /I "." -DMODEL=net_predict2_mex /openmp /wd4101  interface\_coder_net_predict2_api.c /Fobuild\win64\_coder_net_predict2_api.obj
_coder_net_predict2_api.c
[12/22] cl /c /Zc:__cplusplus /Zp8 /GR /W3 /EHs /nologo /MD /D_CRT_SECURE_NO_DEPRECATE /D_SCL_SECURE_NO_DEPRECATE /D_SECURE_SCL=0   /DMATLAB_MEX_FILE  /DMATLAB_MEX_FILE /O2 /Oy- /DNDEBUG /fp:strict /utf-8 /I "." /I "C:\Users\39340\Documents\GitHub\in-context-bldc\matlab_simulator\networks" /I ".\interface" /I "C:\Program Files\MATLAB\R2024b\extern\include" /I "." -DMODEL=net_predict2_mex /openmp /wd4101  mtimes.c /Fobuild\win64\mtimes.obj
mtimes.c
[13/22] cl /c /Zc:__cplusplus /Zp8 /GR /W3 /EHs /nologo /MD /D_CRT_SECURE_NO_DEPRECATE /D_SCL_SECURE_NO_DEPRECATE /D_SECURE_SCL=0   /DMATLAB_MEX_FILE  /DMATLAB_MEX_FILE /O2 /Oy- /DNDEBUG /fp:strict /utf-8 /I "." /I "C:\Users\39340\Documents\GitHub\in-context-bldc\matlab_simulator\networks" /I ".\interface" /I "C:\Program Files\MATLAB\R2024b\extern\include" /I "." -DMODEL=net_predict2_mex /openmp /wd4101  SelfAttentionLayer.c /Fobuild\win64\SelfAttentionLayer.obj
SelfAttentionLayer.c
[14/22] cl /c /Zc:__cplusplus /Zp8 /GR /W3 /EHs /nologo /MD /D_CRT_SECURE_NO_DEPRECATE /D_SCL_SECURE_NO_DEPRECATE /D_SECURE_SCL=0   /DMATLAB_MEX_FILE  /DMATLAB_MEX_FILE /O2 /Oy- /DNDEBUG /fp:strict /utf-8 /I "." /I "C:\Users\39340\Documents\GitHub\in-context-bldc\matlab_simulator\networks" /I ".\interface" /I "C:\Program Files\MATLAB\R2024b\extern\include" /I "." -DMODEL=net_predict2_mex /openmp /wd4101  computeSelfAttention.c /Fobuild\win64\computeSelfAttention.obj
computeSelfAttention.c
[15/22] cl /c /Zc:__cplusplus /Zp8 /GR /W3 /EHs /nologo /MD /D_CRT_SECURE_NO_DEPRECATE /D_SCL_SECURE_NO_DEPRECATE /D_SECURE_SCL=0   /DMATLAB_MEX_FILE  /DMATLAB_MEX_FILE /O2 /Oy- /DNDEBUG /fp:strict /utf-8 /I "." /I "C:\Users\39340\Documents\GitHub\in-context-bldc\matlab_simulator\networks" /I ".\interface" /I "C:\Program Files\MATLAB\R2024b\extern\include" /I "." -DMODEL=net_predict2_mex /openmp /wd4101  interface\_coder_net_predict2_info.c /Fobuild\win64\_coder_net_predict2_info.obj
_coder_net_predict2_info.c
[16/22] cl /c /Zc:__cplusplus /Zp8 /GR /W3 /EHs /nologo /MD /D_CRT_SECURE_NO_DEPRECATE /D_SCL_SECURE_NO_DEPRECATE /D_SECURE_SCL=0   /DMATLAB_MEX_FILE  /DMATLAB_MEX_FILE /O2 /Oy- /DNDEBUG /fp:strict /utf-8 /I "." /I "C:\Users\39340\Documents\GitHub\in-context-bldc\matlab_simulator\networks" /I ".\interface" /I "C:\Program Files\MATLAB\R2024b\extern\include" /I "." -DMODEL=net_predict2_mex /openmp /wd4101  net_predict2.c /Fobuild\win64\net_predict2.obj
net_predict2.c
[17/22] cl /c /Zc:__cplusplus /Zp8 /GR /W3 /EHs /nologo /MD /D_CRT_SECURE_NO_DEPRECATE /D_SCL_SECURE_NO_DEPRECATE /D_SECURE_SCL=0   /DMATLAB_MEX_FILE  /DMATLAB_MEX_FILE /O2 /Oy- /DNDEBUG /fp:strict /utf-8 /I "." /I "C:\Users\39340\Documents\GitHub\in-context-bldc\matlab_simulator\networks" /I ".\interface" /I "C:\Program Files\MATLAB\R2024b\extern\include" /I "." -DMODEL=net_predict2_mex /openmp /wd4101  sumMatrixIncludeNaN.c /Fobuild\win64\sumMatrixIncludeNaN.obj
sumMatrixIncludeNaN.c
[18/22] cl /c /Zc:__cplusplus /Zp8 /GR /W3 /EHs /nologo /MD /D_CRT_SECURE_NO_DEPRECATE /D_SCL_SECURE_NO_DEPRECATE /D_SECURE_SCL=0   /DMATLAB_MEX_FILE  /DMATLAB_MEX_FILE /O2 /Oy- /DNDEBUG /fp:strict /utf-8 /I "." /I "C:\Users\39340\Documents\GitHub\in-context-bldc\matlab_simulator\networks" /I ".\interface" /I "C:\Program Files\MATLAB\R2024b\extern\include" /I "." -DMODEL=net_predict2_mex /openmp /wd4101  binaryElementwise.c /Fobuild\win64\binaryElementwise.obj
binaryElementwise.c
[19/22] cl /c /Zc:__cplusplus /Zp8 /GR /W3 /EHs /nologo /MD /D_CRT_SECURE_NO_DEPRECATE /D_SCL_SECURE_NO_DEPRECATE /D_SECURE_SCL=0   /DMATLAB_MEX_FILE  /DMATLAB_MEX_FILE /O2 /Oy- /DNDEBUG /fp:strict /utf-8 /I "." /I "C:\Users\39340\Documents\GitHub\in-context-bldc\matlab_simulator\networks" /I ".\interface" /I "C:\Program Files\MATLAB\R2024b\extern\include" /I "." -DMODEL=net_predict2_mex /openmp /wd4101  FullyConnectedLayer.c /Fobuild\win64\FullyConnectedLayer.obj
FullyConnectedLayer.c
[20/22] cl /c /Zc:__cplusplus /Zp8 /GR /W3 /EHs /nologo /MD /D_CRT_SECURE_NO_DEPRECATE /D_SCL_SECURE_NO_DEPRECATE /D_SECURE_SCL=0   /DMATLAB_MEX_FILE  /DMATLAB_MEX_FILE /O2 /Oy- /DNDEBUG /fp:strict /utf-8 /I "." /I "C:\Users\39340\Documents\GitHub\in-context-bldc\matlab_simulator\networks" /I ".\interface" /I "C:\Program Files\MATLAB\R2024b\extern\include" /I "." -DMODEL=net_predict2_mex /openmp /wd4101  LayerNormalizationLayer.c /Fobuild\win64\LayerNormalizationLayer.obj
LayerNormalizationLayer.c
[21/22] cl /c /Zc:__cplusplus /Zp8 /GR /W3 /EHs /nologo /MD /D_CRT_SECURE_NO_DEPRECATE /D_SCL_SECURE_NO_DEPRECATE /D_SECURE_SCL=0   /DMATLAB_MEX_FILE  /DMATLAB_MEX_FILE /O2 /Oy- /DNDEBUG /fp:strict /utf-8 /I "." /I "C:\Users\39340\Documents\GitHub\in-context-bldc\matlab_simulator\networks" /I ".\interface" /I "C:\Program Files\MATLAB\R2024b\extern\include" /I "." -DMODEL=net_predict2_mex /openmp /wd4101  attentionForward.c /Fobuild\win64\attentionForward.obj
attentionForward.c
[22/22] link @net_predict2_mex.mexw64.rsp  /nologo    /DLL /LIBPATH:"C:\Program Files\MATLAB\R2024b\extern\lib\win64\microsoft" libmx.lib libmex.lib libmat.lib kernel32.lib user32.lib gdi32.lib winspool.lib comdlg32.lib advapi32.lib shell32.lib ole32.lib oleaut32.lib uuid.lib odbc32.lib odbccp32.lib  /out:"net_predict2_mex.mexw64" /LIBPATH:"C:\Program Files\MATLAB\R2024b\extern\lib\win64\microsoft" libmwblas.lib libemlrt.lib libcovrt.lib libut.lib libmwmathutil.lib libiomp5md.lib /nodefaultlib:vcomp /LIBPATH:"C:\Program Files\MATLAB\R2024b\bin\win64" /export:mexFunction /export:mexfilerequiredapiversion /export:emlrtMexFcnProperties /export:net_predict2 /export:net_predict2_initialize /export:net_predict2_terminate /export:net_predict2_atexit
   Creazione della libreria net_predict2_mex.lib e dell'oggetto net_predict2_mex.exp
